../Core/Src/main.c:89:6:HAL_ADC_ConvCpltCallback	16	static
../Core/Src/main.c:96:6:Send_Channel_Packet	32	static
../Core/Src/main.c:108:6:HAL_UART_TxCpltCallback	16	static
../Core/Src/main.c:126:5:main	8	static
../Core/Src/main.c:184:6:SystemClock_Config	88	static
../Core/Src/main.c:226:13:MX_ADC1_Init	24	static
../Core/Src/main.c:413:13:MX_TIM4_Init	64	static
../Core/Src/main.c:472:13:MX_USART1_UART_Init	8	static
../Core/Src/main.c:503:13:MX_DMA_Init	16	static
../Core/Src/main.c:524:13:MX_GPIO_Init	56	static
../Core/Src/main.c:628:6:Error_Handler	4	static,ignoring_inline_asm
