../Core/Src/main.c:81:6:HAL_ADC_ConvCpltCallback	16	static
../Core/Src/main.c:89:6:Send_Spectrum_UART	16	static
../Core/Src/main.c:108:5:main	24	static
../Core/Src/main.c:198:6:SystemClock_Config	88	static
../Core/Src/main.c:240:13:MX_ADC1_Init	24	static
../Core/Src/main.c:292:13:MX_TIM4_Init	64	static
../Core/Src/main.c:351:13:MX_USART1_UART_Init	8	static
../Core/Src/main.c:382:13:MX_DMA_Init	16	static
../Core/Src/main.c:400:13:MX_GPIO_Init	56	static
../Core/Src/main.c:504:6:Error_Handler	4	static,ignoring_inline_asm
