../Core/Src/main – копія.c:81:5:main	8	static
../Core/Src/main – копія.c:146:6:SystemClock_Config	88	static
../Core/Src/main – копія.c:191:6:PeriphCommonClock_Config	32	static
../Core/Src/main – копія.c:212:13:MX_I2C1_Init	8	static
../Core/Src/main – копія.c:246:13:MX_I2S2_Init	8	static
../Core/Src/main – копія.c:280:13:MX_I2S3_Init	8	static
../Core/Src/main – копія.c:314:13:MX_SPI1_Init	8	static
../Core/Src/main – копія.c:352:13:MX_GPIO_Init	56	static
../Core/Src/main – копія.c:439:6:Error_Handler	4	static,ignoring_inline_asm
